src/components/ProductCard.tsx(54,7): error TS17004: Cannot use JSX unless the '--jsx' flag is provided.
src/components/ProductCard.tsx(55,9): error TS17004: Cannot use JSX unless the '--jsx' flag is provided.
src/components/ProductCard.tsx(56,9): error TS17004: Cannot use JSX unless the '--jsx' flag is provided.
src/components/ProductCard.tsx(57,13): error TS17004: Cannot use JSX unless the '--jsx' flag is provided.
src/components/ProductCard.tsx(64,13): error TS17004: Cannot use JSX unless the '--jsx' flag is provided.
src/components/ProductCard.tsx(65,13): error TS17004: Cannot use JSX unless the '--jsx' flag is provided.
src/components/ProductCard.tsx(98,7): error TS17004: Cannot use JSX unless the '--jsx' flag is provided.
src/components/ProductCard.tsx(108,9): error TS17004: Cannot use JSX unless the '--jsx' flag is provided.
src/components/ProductCard.tsx(115,5): error TS17004: Cannot use JSX unless the '--jsx' flag is provided.
src/components/ProductCard.tsx(121,7): error TS17004: Cannot use JSX unless the '--jsx' flag is provided.
src/components/ProductCard.tsx(122,9): error TS17004: Cannot use JSX unless the '--jsx' flag is provided.
src/components/ProductCard.tsx(128,13): error TS17004: Cannot use JSX unless the '--jsx' flag is provided.
src/components/ProductCard.tsx(132,7): error TS17004: Cannot use JSX unless the '--jsx' flag is provided.
src/components/ProductCard.tsx(133,9): error TS17004: Cannot use JSX unless the '--jsx' flag is provided.
src/components/ProductCard.tsx(134,13): error TS17004: Cannot use JSX unless the '--jsx' flag is provided.
src/components/ProductCard.tsx(135,13): error TS17004: Cannot use JSX unless the '--jsx' flag is provided.
src/components/ProductCard.tsx(137,9): error TS17004: Cannot use JSX unless the '--jsx' flag is provided.
src/components/ProductCard.tsx(140,35): error TS17004: Cannot use JSX unless the '--jsx' flag is provided.
src/components/ProductCard.tsx(140,60): error TS17004: Cannot use JSX unless the '--jsx' flag is provided.
src/pages/ProductDetails.tsx(3,20): error TS6142: Module '../components/Navbar' was resolved to 'C:/Users/Acer/Desktop/Jusas New/frontend/src/components/Navbar.tsx', but '--jsx' is not set.
src/pages/ProductDetails.tsx(74,23): error TS17004: Cannot use JSX unless the '--jsx' flag is provided.
src/pages/ProductDetails.tsx(75,24): error TS17004: Cannot use JSX unless the '--jsx' flag is provided.
src/pages/ProductDetails.tsx(75,97): error TS17004: Cannot use JSX unless the '--jsx' flag is provided.
src/pages/ProductDetails.tsx(78,5): error TS17004: Cannot use JSX unless the '--jsx' flag is provided.
src/pages/ProductDetails.tsx(79,7): error TS17004: Cannot use JSX unless the '--jsx' flag is provided.
src/pages/ProductDetails.tsx(81,7): error TS17004: Cannot use JSX unless the '--jsx' flag is provided.
src/pages/ProductDetails.tsx(82,9): error TS17004: Cannot use JSX unless the '--jsx' flag is provided.
src/pages/ProductDetails.tsx(83,11): error TS17004: Cannot use JSX unless the '--jsx' flag is provided.
src/pages/ProductDetails.tsx(86,9): error TS17004: Cannot use JSX unless the '--jsx' flag is provided.
src/pages/ProductDetails.tsx(88,12): error TS17004: Cannot use JSX unless the '--jsx' flag is provided.
src/pages/ProductDetails.tsx(93,15): error TS17004: Cannot use JSX unless the '--jsx' flag is provided.
src/pages/ProductDetails.tsx(95,19): error TS17004: Cannot use JSX unless the '--jsx' flag is provided.
src/pages/ProductDetails.tsx(102,12): error TS17004: Cannot use JSX unless the '--jsx' flag is provided.
src/pages/ProductDetails.tsx(107,15): error TS17004: Cannot use JSX unless the '--jsx' flag is provided.
src/pages/ProductDetails.tsx(108,15): error TS17004: Cannot use JSX unless the '--jsx' flag is provided.
src/pages/ProductDetails.tsx(110,15): error TS17004: Cannot use JSX unless the '--jsx' flag is provided.
src/pages/ProductDetails.tsx(111,17): error TS17004: Cannot use JSX unless the '--jsx' flag is provided.
src/pages/ProductDetails.tsx(115,15): error TS17004: Cannot use JSX unless the '--jsx' flag is provided.
src/pages/ProductDetails.tsx(116,18): error TS17004: Cannot use JSX unless the '--jsx' flag is provided.
src/pages/ProductDetails.tsx(117,21): error TS17004: Cannot use JSX unless the '--jsx' flag is provided.
src/pages/ProductDetails.tsx(118,21): error TS17004: Cannot use JSX unless the '--jsx' flag is provided.
src/pages/ProductDetails.tsx(119,25): error TS17004: Cannot use JSX unless the '--jsx' flag is provided.
src/pages/ProductDetails.tsx(123,29): error TS17004: Cannot use JSX unless the '--jsx' flag is provided.
src/pages/ProductDetails.tsx(125,25): error TS17004: Cannot use JSX unless the '--jsx' flag is provided.
src/pages/ProductDetails.tsx(126,25): error TS17004: Cannot use JSX unless the '--jsx' flag is provided.
src/pages/ProductDetails.tsx(130,29): error TS17004: Cannot use JSX unless the '--jsx' flag is provided.
src/pages/ProductDetails.tsx(133,21): error TS17004: Cannot use JSX unless the '--jsx' flag is provided.
src/pages/ProductDetails.tsx(136,18): error TS17004: Cannot use JSX unless the '--jsx' flag is provided.
src/pages/ProductDetails.tsx(141,21): error TS17004: Cannot use JSX unless the '--jsx' flag is provided.
src/store/useAuthStore.ts(46,48): error TS2339: Property 'id' does not exist on type 'CartItem'.
../node_modules/framer-motion/dist/index.d.ts(1212,11): error TS2430: Interface 'CSSStyleDeclarationWithTransform' incorrectly extends interface 'Omit<CSSStyleDeclaration, "direction" | "transition">'.
  Types of property 'x' are incompatible.
    Type 'string | number' is not assignable to type 'string'.
      Type 'number' is not assignable to type 'string'.
